// Jest Snapshot v1, https://goo.gl/fbAQLP

exports[`<Footer /> should render a empty footer 1`] = `
<footer
  className="spider-layout-footer"
/>
`;
