// Jest Snapshot v1, https://goo.gl/fbAQLP

exports[`<Header /> should render a empty footer 1`] = `
<header
  className="spider-layout-header"
/>
`;
