// Jest Snapshot v1, https://goo.gl/fbAQLP

exports[`<Layout /> should render a empty layout 1`] = `
<section
  className="spider-layout"
/>
`;
