// Jest Snapshot v1, https://goo.gl/fbAQLP

exports[`icon should render a empty icon 1`] = `
<svg
  className="spider-icon"
>
  <use
    xlinkHref="#wechat"
  />
</svg>
`;
