// Jest Snapshot v1, https://goo.gl/fbAQLP

exports[`button should render a empty button 1`] = `
<div>
  button
</div>
`;
