// Jest Snapshot v1, https://goo.gl/fbAQLP

exports[`<Row /> should render a empty layout 1`] = `
<div
  className="spider-row"
  style={Object {}}
/>
`;
